********************************************************************************
DUPLICATOR-LITE PACKAGE-LOG: 6 de February de 2026 12:13
NOTICE: Do NOT post to public sites or forums 
********************************************************************************
VERSION:	1.5.15
WORDPRESS:	6.9.1
PHP INFO:	7.4.28 | SAPI: apache2handler
SERVER:		Apache/2.4.53 (Win64) OpenSSL/1.1.1n PHP/7.4.28 
PHP TIME LIMIT: (0) no time limit imposed 
PHP MAX MEMORY: 4294967296 (512M default) 
MEMORY STACK: 8MB

********************************************************************************
DATABASE:
********************************************************************************
BUILD MODE:   MYSQLDUMP
MYSQLTIMEOUT: 5000
MYSQLDUMP:    Is Supported
SQL CREATED: 20260206_lenguajesdeprogramacion_f216a666afa2ce629223_20260206121329_database.sql
SQL FILE SIZE: 1.43MB (1502321)
SQL FILE TIME: 2026-02-06 12:13:48
SQL RUNTIME: 2.40 seg.

********************************************************************************
ARCHIVE (ZIP):
********************************************************************************
ARCHIVE DIR:  D:/Xampp/htdocs/wordpress
ARCHIVE FILE: 20260206_lenguajesdeprogramacion_f216a666afa2ce629223_20260206121329_archive.zip
FILTERS: *OFF*
DIRS:
	not set
FILES:
	not set
EXTS:  not set
----------------------------------------
COMPRESSING
SIZE:	101.64MB
STATS:	Dirs 661 | Files 4,879
SQL ADDED: 20260206_lenguajesdeprogramacion_f216a666afa2ce629223_20260206121329_database.sql
ZipArchive Object
(
    [status] => 0
    [statusSys] => 0
    [numFiles] => 5540
    [filename] => D:\Xampp\htdocs\wordpress\wp-content\backups-dup-lite\tmp\20260206_lenguajesdeprogramacion_f216a666afa2ce629223_20260206121329_archive.zip
    [comment] => 
)

FILE ADDED TO ZIP: 5539
COMPRESSION RESULT: '1'
COMPRESSED SIZE: 45.19MB
ARCHIVE RUNTIME: 7.89 seg.
MEMORY STACK: 10MB
building installer
PRUEBA DE CONSISTENCIA DEL ARCHIVO: SUPERADA

********************************************************************************
INTEGRITY CHECKS:
********************************************************************************
SQL FILE: 1.43MB
INSTALLER FILE: 73.5KB
ARCHIVE FILE: 47.04MB 
RECUENTO ARCHIVOS/DIRECTORIOS ESPERADOS: 5,540
RECUENTO ARCHIVOS/DIRECTORIOS ACTUALES: 5,539
PRUEBA DE CONSISTENCIA DEL ARCHIVO: Superado

********************************************************************************
RECORD ID:[1]
TOTAL PROCESS RUNTIME: 11.39 seg.
PEAK PHP MEMORY USED: 10MB
DONE PROCESSING => 20260206_lenguajesdeprogramacion 6 de February de 2026 12:13

